Archive member included because of file (symbol)

d:/career/learning/embedded/imt/avr/workspace/sdk/winavr/bin/../lib/gcc/avr/4.3.3/avr5\libgcc.a(_udivmodqi4.o)
                              ./HAL/LCD_Program.o (__udivmodqi4)
d:/career/learning/embedded/imt/avr/workspace/sdk/winavr/bin/../lib/gcc/avr/4.3.3/avr5\libgcc.a(_exit.o)
                              d:/career/learning/embedded/imt/avr/workspace/sdk/winavr/bin/../lib/gcc/avr/4.3.3/../../../../avr/lib/avr5/crtm32.o (exit)
d:/career/learning/embedded/imt/avr/workspace/sdk/winavr/bin/../lib/gcc/avr/4.3.3/avr5\libgcc.a(_copy_data.o)
                              ./main.o (__do_copy_data)

Memory Configuration

Name             Origin             Length             Attributes
text             0x00000000         0x00020000         xr
data             0x00800060         0x0000ffa0         rw !x
eeprom           0x00810000         0x00010000         rw !x
fuse             0x00820000         0x00000400         rw !x
lock             0x00830000         0x00000400         rw !x
signature        0x00840000         0x00000400         rw !x
*default*        0x00000000         0xffffffff

Linker script and memory map

LOAD d:/career/learning/embedded/imt/avr/workspace/sdk/winavr/bin/../lib/gcc/avr/4.3.3/../../../../avr/lib/avr5/crtm32.o
LOAD ./MCAL/DIO_Program.o
LOAD ./HAL/LCD_Program.o
LOAD ./main.o
LOAD d:/career/learning/embedded/imt/avr/workspace/sdk/winavr/bin/../lib/gcc/avr/4.3.3/avr5\libgcc.a
LOAD d:/career/learning/embedded/imt/avr/workspace/sdk/winavr/bin/../lib/gcc/avr/4.3.3/../../../../avr/lib/avr5\libc.a
LOAD d:/career/learning/embedded/imt/avr/workspace/sdk/winavr/bin/../lib/gcc/avr/4.3.3/avr5\libgcc.a

.hash
 *(.hash)

.dynsym
 *(.dynsym)

.dynstr
 *(.dynstr)

.gnu.version
 *(.gnu.version)

.gnu.version_d
 *(.gnu.version_d)

.gnu.version_r
 *(.gnu.version_r)

.rel.init
 *(.rel.init)

.rela.init
 *(.rela.init)

.rel.text
 *(.rel.text)
 *(.rel.text.*)
 *(.rel.gnu.linkonce.t*)

.rela.text
 *(.rela.text)
 *(.rela.text.*)
 *(.rela.gnu.linkonce.t*)

.rel.fini
 *(.rel.fini)

.rela.fini
 *(.rela.fini)

.rel.rodata
 *(.rel.rodata)
 *(.rel.rodata.*)
 *(.rel.gnu.linkonce.r*)

.rela.rodata
 *(.rela.rodata)
 *(.rela.rodata.*)
 *(.rela.gnu.linkonce.r*)

.rel.data
 *(.rel.data)
 *(.rel.data.*)
 *(.rel.gnu.linkonce.d*)

.rela.data
 *(.rela.data)
 *(.rela.data.*)
 *(.rela.gnu.linkonce.d*)

.rel.ctors
 *(.rel.ctors)

.rela.ctors
 *(.rela.ctors)

.rel.dtors
 *(.rel.dtors)

.rela.dtors
 *(.rela.dtors)

.rel.got
 *(.rel.got)

.rela.got
 *(.rela.got)

.rel.bss
 *(.rel.bss)

.rela.bss
 *(.rela.bss)

.rel.plt
 *(.rel.plt)

.rela.plt
 *(.rela.plt)

.text           0x00000000      0x6fc
 *(.vectors)
 .vectors       0x00000000       0x54 d:/career/learning/embedded/imt/avr/workspace/sdk/winavr/bin/../lib/gcc/avr/4.3.3/../../../../avr/lib/avr5/crtm32.o
                0x00000000                __vectors
                0x00000000                __vector_default
 *(.vectors)
 *(.progmem.gcc*)
 *(.progmem*)
                0x00000054                . = ALIGN (0x2)
                0x00000054                __trampolines_start = .
 *(.trampolines)
 .trampolines   0x00000054        0x0 linker stubs
 *(.trampolines*)
                0x00000054                __trampolines_end = .
 *(.jumptables)
 *(.jumptables*)
 *(.lowtext)
 *(.lowtext*)
                0x00000054                __ctors_start = .
 *(.ctors)
                0x00000054                __ctors_end = .
                0x00000054                __dtors_start = .
 *(.dtors)
                0x00000054                __dtors_end = .
 SORT(*)(.ctors)
 SORT(*)(.dtors)
 *(.init0)
 .init0         0x00000054        0x0 d:/career/learning/embedded/imt/avr/workspace/sdk/winavr/bin/../lib/gcc/avr/4.3.3/../../../../avr/lib/avr5/crtm32.o
                0x00000054                __init
 *(.init0)
 *(.init1)
 *(.init1)
 *(.init2)
 .init2         0x00000054        0xc d:/career/learning/embedded/imt/avr/workspace/sdk/winavr/bin/../lib/gcc/avr/4.3.3/../../../../avr/lib/avr5/crtm32.o
 *(.init2)
 *(.init3)
 *(.init3)
 *(.init4)
 .init4         0x00000060       0x16 d:/career/learning/embedded/imt/avr/workspace/sdk/winavr/bin/../lib/gcc/avr/4.3.3/avr5\libgcc.a(_copy_data.o)
                0x00000060                __do_copy_data
 *(.init4)
 *(.init5)
 *(.init5)
 *(.init6)
 *(.init6)
 *(.init7)
 *(.init7)
 *(.init8)
 *(.init8)
 *(.init9)
 .init9         0x00000076        0x8 d:/career/learning/embedded/imt/avr/workspace/sdk/winavr/bin/../lib/gcc/avr/4.3.3/../../../../avr/lib/avr5/crtm32.o
 *(.init9)
 *(.text)
 .text          0x0000007e        0x4 d:/career/learning/embedded/imt/avr/workspace/sdk/winavr/bin/../lib/gcc/avr/4.3.3/../../../../avr/lib/avr5/crtm32.o
                0x0000007e                __vector_1
                0x0000007e                __vector_12
                0x0000007e                __bad_interrupt
                0x0000007e                __vector_6
                0x0000007e                __vector_3
                0x0000007e                __vector_11
                0x0000007e                __vector_13
                0x0000007e                __vector_17
                0x0000007e                __vector_19
                0x0000007e                __vector_7
                0x0000007e                __vector_5
                0x0000007e                __vector_4
                0x0000007e                __vector_9
                0x0000007e                __vector_2
                0x0000007e                __vector_15
                0x0000007e                __vector_8
                0x0000007e                __vector_14
                0x0000007e                __vector_10
                0x0000007e                __vector_16
                0x0000007e                __vector_18
                0x0000007e                __vector_20
 .text          0x00000082        0x0 ./MCAL/DIO_Program.o
 .text          0x00000082        0x0 ./HAL/LCD_Program.o
 .text          0x00000082        0x0 ./main.o
 .text          0x00000082        0x0 d:/career/learning/embedded/imt/avr/workspace/sdk/winavr/bin/../lib/gcc/avr/4.3.3/avr5\libgcc.a(_udivmodqi4.o)
 .text          0x00000082        0x0 d:/career/learning/embedded/imt/avr/workspace/sdk/winavr/bin/../lib/gcc/avr/4.3.3/avr5\libgcc.a(_exit.o)
 .text          0x00000082        0x0 d:/career/learning/embedded/imt/avr/workspace/sdk/winavr/bin/../lib/gcc/avr/4.3.3/avr5\libgcc.a(_copy_data.o)
                0x00000082                . = ALIGN (0x2)
 *(.text.*)
 .text.DIO_VoidSetPinDirection
                0x00000082       0xf6 ./MCAL/DIO_Program.o
                0x00000082                DIO_VoidSetPinDirection
 .text.DIO_VoidSetPinValue
                0x00000178       0xf6 ./MCAL/DIO_Program.o
                0x00000178                DIO_VoidSetPinValue
 .text.DIO_U8GetPinValue
                0x0000026e       0x44 ./MCAL/DIO_Program.o
                0x0000026e                DIO_U8GetPinValue
 .text.DIO_VoidTogglePin
                0x000002b2       0x70 ./MCAL/DIO_Program.o
                0x000002b2                DIO_VoidTogglePin
 .text.DIO_VoidSetPortValue
                0x00000322       0x28 ./MCAL/DIO_Program.o
                0x00000322                DIO_VoidSetPortValue
 .text.DIO_VoidSetPortDirection
                0x0000034a       0x28 ./MCAL/DIO_Program.o
                0x0000034a                DIO_VoidSetPortDirection
 .text.DIO_VoidSetPortHighNibbleDirection
                0x00000372       0x62 ./MCAL/DIO_Program.o
                0x00000372                DIO_VoidSetPortHighNibbleDirection
 .text.DIO_VoidSetPortLowNibbleDirection
                0x000003d4       0x62 ./MCAL/DIO_Program.o
                0x000003d4                DIO_VoidSetPortLowNibbleDirection
 .text.DIO_VoidSetPortHighNibbleValue
                0x00000436       0x62 ./MCAL/DIO_Program.o
                0x00000436                DIO_VoidSetPortHighNibbleValue
 .text.DIO_VoidSetPortLowNibbleValue
                0x00000498       0x62 ./MCAL/DIO_Program.o
                0x00000498                DIO_VoidSetPortLowNibbleValue
 .text.LCD_VoidWriteChar
                0x000004fa       0x4c ./HAL/LCD_Program.o
                0x000004fa                LCD_VoidWriteChar
 .text.LCD_VoidWriteNumber
                0x00000546       0x4a ./HAL/LCD_Program.o
                0x00000546                LCD_VoidWriteNumber
 .text.LCD_VoidWriteString
                0x00000590       0x42 ./HAL/LCD_Program.o
                0x00000590                LCD_VoidWriteString
 .text.LCD_VoidWriteCommand
                0x000005d2       0x4c ./HAL/LCD_Program.o
                0x000005d2                LCD_VoidWriteCommand
 .text.LCD_VoidSetPosition
                0x0000061e       0x1c ./HAL/LCD_Program.o
                0x0000061e                LCD_VoidSetPosition
 .text.LCD_VoidInit
                0x0000063a       0x72 ./HAL/LCD_Program.o
                0x0000063a                LCD_VoidInit
 .text.main     0x000006ac       0x34 ./main.o
                0x000006ac                main
 .text.libgcc   0x000006e0       0x18 d:/career/learning/embedded/imt/avr/workspace/sdk/winavr/bin/../lib/gcc/avr/4.3.3/avr5\libgcc.a(_udivmodqi4.o)
                0x000006e0                __udivmodqi4
 .text.libgcc   0x000006f8        0x0 d:/career/learning/embedded/imt/avr/workspace/sdk/winavr/bin/../lib/gcc/avr/4.3.3/avr5\libgcc.a(_exit.o)
 .text.libgcc   0x000006f8        0x0 d:/career/learning/embedded/imt/avr/workspace/sdk/winavr/bin/../lib/gcc/avr/4.3.3/avr5\libgcc.a(_copy_data.o)
                0x000006f8                . = ALIGN (0x2)
 *(.fini9)
 .fini9         0x000006f8        0x0 d:/career/learning/embedded/imt/avr/workspace/sdk/winavr/bin/../lib/gcc/avr/4.3.3/avr5\libgcc.a(_exit.o)
                0x000006f8                exit
                0x000006f8                _exit
 *(.fini9)
 *(.fini8)
 *(.fini8)
 *(.fini7)
 *(.fini7)
 *(.fini6)
 *(.fini6)
 *(.fini5)
 *(.fini5)
 *(.fini4)
 *(.fini4)
 *(.fini3)
 *(.fini3)
 *(.fini2)
 *(.fini2)
 *(.fini1)
 *(.fini1)
 *(.fini0)
 .fini0         0x000006f8        0x4 d:/career/learning/embedded/imt/avr/workspace/sdk/winavr/bin/../lib/gcc/avr/4.3.3/avr5\libgcc.a(_exit.o)
 *(.fini0)
                0x000006fc                _etext = .

.data           0x00800060        0xe load address 0x000006fc
                0x00800060                PROVIDE (__data_start, .)
 *(.data)
 .data          0x00800060        0x0 d:/career/learning/embedded/imt/avr/workspace/sdk/winavr/bin/../lib/gcc/avr/4.3.3/../../../../avr/lib/avr5/crtm32.o
 .data          0x00800060        0x0 ./MCAL/DIO_Program.o
 .data          0x00800060        0x0 ./HAL/LCD_Program.o
 .data          0x00800060        0xe ./main.o
 .data          0x0080006e        0x0 d:/career/learning/embedded/imt/avr/workspace/sdk/winavr/bin/../lib/gcc/avr/4.3.3/avr5\libgcc.a(_udivmodqi4.o)
 .data          0x0080006e        0x0 d:/career/learning/embedded/imt/avr/workspace/sdk/winavr/bin/../lib/gcc/avr/4.3.3/avr5\libgcc.a(_exit.o)
 .data          0x0080006e        0x0 d:/career/learning/embedded/imt/avr/workspace/sdk/winavr/bin/../lib/gcc/avr/4.3.3/avr5\libgcc.a(_copy_data.o)
 *(.data*)
 *(.rodata)
 *(.rodata*)
 *(.gnu.linkonce.d*)
                0x0080006e                . = ALIGN (0x2)
                0x0080006e                _edata = .
                0x0080006e                PROVIDE (__data_end, .)

.bss            0x0080006e        0x0
                0x0080006e                PROVIDE (__bss_start, .)
 *(.bss)
 .bss           0x0080006e        0x0 d:/career/learning/embedded/imt/avr/workspace/sdk/winavr/bin/../lib/gcc/avr/4.3.3/../../../../avr/lib/avr5/crtm32.o
 .bss           0x0080006e        0x0 ./MCAL/DIO_Program.o
 .bss           0x0080006e        0x0 ./HAL/LCD_Program.o
 .bss           0x0080006e        0x0 ./main.o
 .bss           0x0080006e        0x0 d:/career/learning/embedded/imt/avr/workspace/sdk/winavr/bin/../lib/gcc/avr/4.3.3/avr5\libgcc.a(_udivmodqi4.o)
 .bss           0x0080006e        0x0 d:/career/learning/embedded/imt/avr/workspace/sdk/winavr/bin/../lib/gcc/avr/4.3.3/avr5\libgcc.a(_exit.o)
 .bss           0x0080006e        0x0 d:/career/learning/embedded/imt/avr/workspace/sdk/winavr/bin/../lib/gcc/avr/4.3.3/avr5\libgcc.a(_copy_data.o)
 *(.bss*)
 *(COMMON)
                0x0080006e                PROVIDE (__bss_end, .)
                0x000006fc                __data_load_start = LOADADDR (.data)
                0x0000070a                __data_load_end = (__data_load_start + SIZEOF (.data))

.noinit         0x0080006e        0x0
                0x0080006e                PROVIDE (__noinit_start, .)
 *(.noinit*)
                0x0080006e                PROVIDE (__noinit_end, .)
                0x0080006e                _end = .
                0x0080006e                PROVIDE (__heap_start, .)

.eeprom         0x00810000        0x0
 *(.eeprom*)
                0x00810000                __eeprom_end = .

.fuse
 *(.fuse)
 *(.lfuse)
 *(.hfuse)
 *(.efuse)

.lock
 *(.lock*)

.signature
 *(.signature*)

.stab
 *(.stab)

.stabstr
 *(.stabstr)

.stab.excl
 *(.stab.excl)

.stab.exclstr
 *(.stab.exclstr)

.stab.index
 *(.stab.index)

.stab.indexstr
 *(.stab.indexstr)

.comment
 *(.comment)

.debug
 *(.debug)

.line
 *(.line)

.debug_srcinfo
 *(.debug_srcinfo)

.debug_sfnames
 *(.debug_sfnames)

.debug_aranges
 *(.debug_aranges)

.debug_pubnames
 *(.debug_pubnames)

.debug_info
 *(.debug_info)
 *(.gnu.linkonce.wi.*)

.debug_abbrev
 *(.debug_abbrev)

.debug_line
 *(.debug_line)

.debug_frame
 *(.debug_frame)

.debug_str
 *(.debug_str)

.debug_loc
 *(.debug_loc)

.debug_macinfo
 *(.debug_macinfo)
OUTPUT(LCD.elf elf32-avr)
LOAD linker stubs
